******************************************************************************
               TMS320C6x Linker PC v6.1.15                     
******************************************************************************
>> Linked Thu Mar 03 13:31:54 2016

OUTPUT FILE NAME:   <RTDSP.out>
ENTRY POINT SYMBOL: "_c_int00"  address: 000113e0


MEMORY CONFIGURATION

         name            origin    length      used     unused   attr    fill
----------------------  --------  ---------  --------  --------  ----  --------
  IRAM                  00000000   00040000  00012c93  0002d36d  RWIX
  SDRAM                 80000000   00800000  00000000  00800000  RWIX


SECTION ALLOCATION MAP

 output                                  attributes/
section   page    origin      length       input sections
--------  ----  ----------  ----------   ----------------
.vers      0    00000000    00000040     COPY SECTION
                  00000000    00000040     dsp_bios_cfg.obj (.vers)

.prd       0    00000000    00000000     UNINITIALIZED

.hwi_vec   0    00000000    00000200     
                  00000000    00000200     dsp_bios_cfg.obj (.hwi_vec)

.data      0    00000000    00000000     UNINITIALIZED

.IRAM$heap 
*          0    00000200    00008000     UNINITIALIZED
                  00000200    00008000     --HOLE--

.bios      0    00008200    00004ac0     
                  00008200    00000600     lnkrtdx.a67 : rtdx.o67 (.bios)
                  00008800    000005e0     bios.a67 : gbl_setL2CacheMode.o67 (.bios)
                  00008de0    00000540              : swi.o67 (.bios)
                  00009320    00000460              : hwi_disp_asm.o67 (.bios)
                  00009780    000003e0              : malloc.o67 (.bios)
                  00009b60    000003a0              : prd.o67 (.bios)
                  00009f00    000002c0              : knl_run.o67 (.bios)
                  0000a1c0    000002c0              : rta.o67 (.bios)
                  0000a480    000002c0              : sem_pend.o67 (.bios)
                  0000a740    00000280              : mem_allo.o67 (.bios:.near)
                  0000a9c0    00000260              : knl_tick.o67 (.bios)
                  0000ac20    00000240              : mem_free.o67 (.bios:.near)
                  0000ae60    00000240              : pip.o67 (.bios)
                  0000b0a0    00000220              : sem_dopo.o67 (.bios)
                  0000b2c0    00000200              : tsk_setu.o67 (.bios)
                  0000b4c0    000001c0              : knl_swit.o67 (.bios)
                  0000b680    000001c0     biosC6000.a67 : clk.o67 (.bios)
                  0000b840    000001a0     bios.a67 : tsk_exit.o67 (.bios)
                  0000b9e0    00000180              : autoinit.o67 (.bios)
                  0000bb60    00000180              : tsk_stup.o67 (.bios)
                  0000bce0    00000140              : knl_chec.o67 (.bios)
                  0000be20    000000e0              : gbl_cslcacheinit.o67 (.bios)
                  0000bf00    000000e0              : knl_exit.o67 (.bios)
                  0000bfe0    000000e0              : sem_post.o67 (.bios)
                  0000c0c0    000000e0              : sem_post_asm.o67 (.bios)
                  0000c1a0    000000e0     biosC6000.a67 : clk_meas.o67 (.bios)
                  0000c280    000000c0     bios.a67 : knl_ipos.o67 (.bios)
                  0000c340    000000c0              : knl_post.o67 (.bios)
                  0000c400    000000c0              : lck.o67 (.bios)
                  0000c4c0    000000c0              : sys_exit.o67 (.bios)
                  0000c580    000000c0     biosC6000.a67 : clk_htime.o67 (.bios)
                  0000c640    00000080     bios.a67 : fxn.o67 (.bios)
                  0000c6c0    00000080              : idl_busy.o67 (.bios)
                  0000c740    00000080              : log.o67 (.bios)
                  0000c7c0    00000080              : sts.o67 (.bios)
                  0000c840    00000080     biosC6000.a67 : idl_cal.o67 (.bios)
                  0000c8c0    00000060     bios.a67 : sys_erro.o67 (.bios:.near)
                  0000c920    00000060              : hwi_c.o67 (.bios)
                  0000c980    00000060              : sem_pend_counting.o67 (.bios)
                  0000c9e0    00000060              : sys_abor.o67 (.bios)
                  0000ca40    00000060              : utl_putc.o67 (.bios)
                  0000caa0    00000060     biosC6000.a67 : clk_start.o67 (.bios)
                  0000cb00    00000040     bios.a67 : idl_stub.o67 (.bios)
                  0000cb40    00000040              : rta_andn.o67 (.bios)
                  0000cb80    00000040              : utl_doab.o67 (.bios)
                  0000cbc0    00000040     biosC6000.a67 : clk_stop.o67 (.bios)
                  0000cc00    00000020     bios.a67 : fxn_c.o67 (.bios)
                  0000cc20    00000020              : gbl_vers.o67 (.bios)
                  0000cc40    00000020              : idl.o67 (.bios)
                  0000cc60    00000020              : sts_set.o67 (.bios)
                  0000cc80    00000020              : utl_doer.o67 (.bios)
                  0000cca0    00000020              : utl_halt.o67 (.bios)

.text      0    0000ccc0    00001f20     
                  0000ccc0    000005a0     intio.obj (.text)
                  0000d260    00000480     dsk6713bslccsv4.lib : dsk6713.obj (.text)
                  0000d6e0    000002e0                         : dsk6713_aic23_opencodec.obj (.text)
                  0000d9c0    00000240     rts6700.lib : memcpy62.obj (.text:_memcpy)
                  0000dc00    000001c0     csl6713.lib : csl_irq.obj (.text:_IRQ_map)
                  0000ddc0    000001a0                 : csl_mcbsp.obj (.text:_MCBSP_reset)
                  0000df60    00000180     bios.a67 : gbl_cslpllinit62.o67 (.text)
                  0000e0e0    00000180     dsk6713bslccsv4.lib : dsk6713_aic23_registers.obj (.text)
                  0000e260    00000140     rts6700.lib : strasg.obj (.text:__strasgi)
                  0000e3a0    00000120                 : sinit.obj (.text:_call_dtors)
                  0000e4c0    00000120                 : memset.obj (.text:_memset)
                  0000e5e0    00000100     csl6713.lib : csl_mcbsp.obj (.text:_MCBSP_open)
                  0000e6e0    00000100                 : csl_mcbsp.obj (.text:_MCBSP_start)
                  0000e7e0    00000100     rts6700.lib : atexit.obj (.text:_atexit)
                  0000e8e0    000000e0     dsk6713bslccsv4.lib : helper_functions_ISR.obj (.text)
                  0000e9c0    000000c0     bios.a67 : tsk_stup.o67 (.text)
                  0000ea80    000000a0     csl6713.lib : csl_irq.obj (.text:_setMux)
                  0000eb20    00000040     rts6700.lib : sinit.obj (.text:___add_dtor)
                  0000eb60    00000020                 : _lock.obj (.text:__nop)
                  0000eb80    00000020                 : _lock.obj (.text:__register_lock)
                  0000eba0    00000020                 : _lock.obj (.text:__register_unlock)
                  0000ebc0    00000020     csl6713.lib : csl_irq.obj (.text)

.cinit     0    0000ebe0    0000101c     
                  0000ebe0    000005ac     dsp_bios_cfg.obj (.cinit)
                  0000f18c    00000004     --HOLE-- [fill = 0]
                  0000f190    0000026c     bios.a67 : biosdata.o67 (.cinit)
                  0000f3fc    00000004     --HOLE-- [fill = 0]
                  0000f400    000001a4              : knl.o67 (.cinit)
                  0000f5a4    00000004     --HOLE-- [fill = 0]
                  0000f5a8    0000012c     csl6713.lib : csl_irq.obj (.cinit)
                  0000f6d4    00000004     --HOLE-- [fill = 0]
                  0000f6d8    000000b0     bios.a67 : swi.o67 (.cinit)
                  0000f788    0000009c     intio.obj (.cinit)
                  0000f824    00000004     --HOLE-- [fill = 0]
                  0000f828    00000070     bios.a67 : tsk.o67 (.cinit)
                  0000f898    00000060              : tsk_stup.o67 (.cinit)
                  0000f8f8    0000005c     lnkrtdx.a67 : rtdx.o67 (.cinit)
                  0000f954    00000004     --HOLE-- [fill = 0]
                  0000f958    00000054     csl6713.lib : csl_mcbsp.obj (.cinit)
                  0000f9ac    00000004     --HOLE-- [fill = 0]
                  0000f9b0    0000004c     bios.a67 : rta.o67 (.cinit)
                  0000f9fc    00000004     --HOLE-- [fill = 0]
                  0000fa00    0000004c     rtdx.lib : buffer1.o62 (.cinit)
                  0000fa4c    00000004     --HOLE-- [fill = 0]
                  0000fa50    00000034     bios.a67 : hwi.o67 (.cinit)
                  0000fa84    00000004     --HOLE-- [fill = 0]
                  0000fa88    00000030     dsk6713bslccsv4.lib : dsk6713_aic23_registers.obj (.cinit)
                  0000fab8    0000002c     bios.a67 : utl_putc.o67 (.cinit)
                  0000fae4    00000004     --HOLE-- [fill = 0]
                  0000fae8    0000002c     rts6700.lib : exit.obj (.cinit)
                  0000fb14    00000004     --HOLE-- [fill = 0]
                  0000fb18    00000024     bios.a67 : obj_init.o67 (.cinit)
                  0000fb3c    00000004     --HOLE-- [fill = 0]
                  0000fb40    0000001c              : sys.o67 (.cinit)
                  0000fb5c    00000004     --HOLE-- [fill = 0]
                  0000fb60    0000001c     rts6700.lib : _lock.obj (.cinit)
                  0000fb7c    00000004     --HOLE-- [fill = 0]
                  0000fb80    0000001c                 : atexit.obj (.cinit)
                  0000fb9c    00000004     --HOLE-- [fill = 0]
                  0000fba0    00000018     bios.a67 : knl_tick.o67 (.cinit)
                  0000fbb8    0000000c              : gbl_setL2CacheMode.o67 (.cinit)
                  0000fbc4    00000004     --HOLE-- [fill = 0]
                  0000fbc8    0000000c              : idl_busy.o67 (.cinit)
                  0000fbd4    00000004     --HOLE-- [fill = 0]
                  0000fbd8    0000000c              : knl_swit.o67 (.cinit)
                  0000fbe4    00000004     --HOLE-- [fill = 0]
                  0000fbe8    0000000c     rts6700.lib : sinit.obj (.cinit)
                  0000fbf4    00000004     --HOLE-- [fill = 0]
                  0000fbf8    00000004     (.pad.cinit) [fill = 0]

.args      0    0000fbfc    00000004     
                  0000fbfc    00000004     --HOLE-- [fill = 0]

.rtdx_text 
*          0    0000fc00    00000ea0     
                  0000fc00    00000400     rtdx.lib : rtdx_mon.o62 (.rtdx_text:_RTDX_Poll)
                  00010000    00000340              : buffer1.o62 (.rtdx_text:_RTDX_Buffer_WriteCB)
                  00010340    00000300              : buffer1.o62 (.rtdx_text:_RTDX_write_next)
                  00010640    00000140              : rtdx_mon.o62 (.rtdx_text:_RTDX_Mon_Queue)
                  00010780    000000e0              : buffer1.o62 (.rtdx_text:_claim)
                  00010860    00000080              : rtdx_mon.o62 (.rtdx_text:_RTDX_Init_RT_Monitor)
                  000108e0    00000060              : buffer1.o62 (.rtdx_text:_RTDX_Buffer_Initialize)
                  00010940    00000060              : buffer2.o62 (.rtdx_text:_RTDX_Buffer_ReadCB)
                  000109a0    00000040              : buffer1.o62 (.rtdx_text:_RTDX_Buffer_Size)
                  000109e0    00000040              : rtdx_mon.o62 (.rtdx_text:_RTDX_Final_RT_Monitor)
                  00010a20    00000020              : buffer2.o62 (.rtdx_text:_RTDX_Buffer_Read)
                  00010a40    00000020              : buffer1.o62 (.rtdx_text:_RTDX_Buffer_Write)
                  00010a60    00000020              : rtdx_mon.o62 (.rtdx_text:_RTDX_checksum)
                  00010a80    00000020              : intr_tgt.o62 (.rtdx_text)

.far       0    00010aa0    00000580     UNINITIALIZED
                  00010aa0    00000188     rts6700.lib : atexit.obj (.far)
                  00010c28    000000f4     csl6713.lib : csl_irq.obj (.far)
                  00010d1c    000000d8     bios.a67 : knl.o67 (.far)
                  00010df4    00000004     rts6700.lib : sinit.obj (.far)
                  00010df8    00000078     intio.obj (.far)
                  00010e70    0000005c     bios.a67 : tsk.o67 (.far)
                  00010ecc    00000054              : obj_init.o67 (.far)
                  00010f20    00000050              : tsk_stup.o67 (.far)
                  00010f70    00000038     csl6713.lib : csl_mcbsp.obj (.far)
                  00010fa8    00000028     dsk6713bslccsv4.lib : dsk6713_aic23_registers.obj (.far)
                  00010fd0    00000020     bios.a67 : sys.o67 (.far)
                  00010ff0    00000010              : knl_tick.o67 (.far)
                  00011000    0000000c              : utl_putc.o67 (.far)
                  0001100c    0000000c     rts6700.lib : exit.obj (.far)
                  00011018    00000008                 : _lock.obj (.far)

.sysinit   0    00011020    00000520     
                  00011020    000002e0     dsp_bios_cfg.obj (.sysinit)
                  00011300    000000e0     bios.a67 : mem_init.o67 (.sysinit)
                  000113e0    000000c0              : boot.o67 (.sysinit)
                  000114a0    00000080              : tsk_init.o67 (.sysinit)
                  00011520    00000020              : obj_init.o67 (.sysinit)

.rtdx_data 
*          0    00011540    0000044c     UNINITIALIZED
                  00011540    00000410     dsp_bios_cfg.obj (.rtdx_data)
                  00011950    00000020     rtdx.lib : buffer1.o62 (.rtdx_data)
                  00011970    0000001c              : rtdx_mon.o62 (.rtdx_data)

.mem       0    0001198c    00000004     UNINITIALIZED
                  0001198c    00000004     dsp_bios_cfg.obj (.mem)

.TSK_idle$stk 
*          0    00011990    00000400     UNINITIALIZED
                  00011990    00000400     dsp_bios_cfg.obj (.TSK_idle$stk)

.stack     0    00011d90    00000400     UNINITIALIZED
                  00011d90    00000400     --HOLE--

.bss       0    00012190    00000362     UNINITIALIZED
                  00012190    00000100     bios.a67 : hwi_disp_asm.o67 (.bss)
                  00012290    000000cc              : biosdata.o67 (.bss)
                  0001235c    0000009c              : swi.o67 (.bss)
                  000123f8    00000048              : knl.o67 (.bss)
                  00012440    00000028     dsp_bios_cfg.obj (.bss)
                  00012468    00000018     bios.a67 : hwi.o67 (.bss)
                  00012480    00000018     lnkrtdx.a67 : rtdx.o67 (.bss)
                  00012498    00000014     intio.obj (.bss)
                  000124ac    00000010     rtdx.lib : buffer1.o62 (.bss)
                  000124bc    0000000c     bios.a67 : tsk.o67 (.bss)
                  000124c8    00000008              : clk_data.o67 (.bss)
                  000124d0    00000008              : sys.o67 (.bss)
                  000124d8    00000008     dsk6713bslccsv4.lib : dsk6713_aic23_opencodec.obj (.bss)
                  000124e0    00000004     bios.a67 : clk_data2.o67 (.bss)
                  000124e4    00000004              : gbl_setL2CacheMode.o67 (.bss)
                  000124e8    00000004              : idl_busy.o67 (.bss)
                  000124ec    00000004              : mem_asm.o67 (.bss)
                  000124f0    00000002     dsk6713bslccsv4.lib : dsk6713.obj (.bss)

.trace     0    000124f4    00000200     
                  000124f4    00000200     --HOLE-- [fill = 00000000]

.const     0    000126f8    00000101     
                  000126f8    0000004e     bios.a67 : tsk_stup.o67 (.const)
                  00012746    00000002     --HOLE-- [fill = 0]
                  00012748    00000040     dsk6713bslccsv4.lib : dsk6713_aic23_opencodec.obj (.const)
                  00012788    00000023     bios.a67 : utl_doab.o67 (.const)
                  000127ab    00000022              : utl_doer.o67 (.const)
                  000127cd    00000003     --HOLE-- [fill = 0]
                  000127d0    00000020     dsk6713bslccsv4.lib : dsk6713.obj (.const)
                  000127f0    00000004     bios.a67 : mem_allo.o67 (.const)
                  000127f4    00000004              : mem_free.o67 (.const)
                  000127f8    00000001              : tsk.o67 (.const)

.printf    0    000127f9    0000003f     COPY SECTION
                  000127f9    0000003f     dsp_bios_cfg.obj (.printf)

.LOG_system$buf 
*          0    00012800    00000100     UNINITIALIZED
                  00012800    00000100     dsp_bios_cfg.obj (.LOG_system$buf)

.hst0      0    00012900    00000100     UNINITIALIZED
                  00012900    00000100     dsp_bios_cfg.obj (.hst0)

.pip       0    00012a00    000000c8     UNINITIALIZED
                  00012a00    000000c8     dsp_bios_cfg.obj (.pip)

.tsk       0    00012ac8    00000060     UNINITIALIZED
                  00012ac8    00000060     dsp_bios_cfg.obj (.tsk)

.gblinit   0    00012b28    00000040     
                  00012b28    00000040     dsp_bios_cfg.obj (.gblinit)

.hst       0    00012b68    0000003c     UNINITIALIZED
                  00012b68    0000003c     dsp_bios_cfg.obj (.hst)

.sts       0    00012ba4    00000030     
                  00012ba4    00000030     dsp_bios_cfg.obj (.sts)

.swi       0    00012bd4    0000002c     UNINITIALIZED
                  00012bd4    0000002c     dsp_bios_cfg.obj (.swi)

.switch    0    00012c00    00000028     
                  00012c00    00000028     rtdx.lib : rtdx_mon.o62 (.switch)

.log       0    00012c28    00000018     
                  00012c28    00000018     dsp_bios_cfg.obj (.log)

.hst1      0    00012c40    00000010     UNINITIALIZED
                  00012c40    00000010     dsp_bios_cfg.obj (.hst1)

.idl       0    00012c50    00000010     UNINITIALIZED
                  00012c50    00000010     dsp_bios_cfg.obj (.idl)

.idlcal    0    00012c60    00000010     UNINITIALIZED
                  00012c60    00000010     dsp_bios_cfg.obj (.idlcal)

.sys       0    00012c70    00000010     UNINITIALIZED
                  00012c70    00000010     dsp_bios_cfg.obj (.sys)

.pinit     0    00012c80    0000000c     
                  00012c80    00000004     rtdx.lib : buffer1.o62 (.pinit)
                  00012c84    00000004              : rtdx_mon.o62 (.pinit)
                  00012c88    00000004     --HOLE-- [fill = 0]

.trcdata   0    00012c8c    0000000c     
                  00012c8c    0000000c     bios.a67 : trc.o67 (.trcdata)

.clk       0    00012c98    00000008     UNINITIALIZED
                  00012c98    00000008     dsp_bios_cfg.obj (.clk)


GLOBAL SYMBOLS: SORTED ALPHABETICALLY BY Name 

address    name
--------   ----
00012190   $bss
00012190   .bss
00000000   .data
0000ccc0   .text
000111dc   BIOS$$CLKOFF
0001119c   BIOS$$CLKON
00011020   BIOS_init
00011244   BIOS_start
00000000   BUF$
00000001   BUF_ENABLED
00000001   CLK$
00012c98   CLK_A_TABBEG
00000001   CLK_CALDIV
00000004   CLK_CALMULT
0000dbba   CLK_COUNTSPMS
00000000   CLK_COUNTSPMSHIGH
000122b8   CLK_D_idletime
000122b4   CLK_D_isrhook
000122b0   CLK_D_tabbeg
000122ac   CLK_D_timefxn
0000c580   CLK_F_getfhtime
0000c5a0   CLK_F_gethtime
0000b680   CLK_F_getltime
0000c5a0   CLK_F_getshtime
0000b694   CLK_F_isr
0000b7f4   CLK_F_itime
00009320   CLK_HOOKFXN
00000001   CLK_HTIMEDIV
00000004   CLK_HTIMEMULT
0000dbba   CLK_HTIMEPERLTIME
00004000   CLK_INTBIT
00000001   CLK_LTIMEDIV
00036ee8   CLK_LTIMEMULT
000003e8   CLK_MICROSECS
0000dbba   CLK_PRD
00000000   CLK_PRDHIGH
01940000   CLK_REGS
000122a8   CLK_R_time
00000020   CLK_TCR
00000000   CLK_TDDR
00000000   CLK_TDDRHIGH
0000c5a0   CLK_TIMEFXN
00000000   CLK_TIMERNUM
00000001   CLK_USETIMER
00012c9c   CLK_null
00000000   DEV$
00000000   DGN$
00000000   DHL$
00000000   DHL_gChannelsAvailable
00000000   DIO$
00000000   DIO_NUMSWIBASE
00000000   DIO_NUMTSKBASE
00000000   DIO_STATIC
00000000   DPI$
0000c640   FXN_F_nop
0000c648   FXN_F_run
0000c698   FXN_F_zero
00000001   GBL$
00005205   GBL_A_VERSION
00000000   GBL_BIGENDIAN
00000000   GBL_C641XL2PRIORITY
00000000   GBL_CACHE
00000001   GBL_CALLCSLCFGINIT
00004e20   GBL_CLKIN
00001770   GBL_CLKTYPE
00001a39   GBL_DSPSUBTYPE
0000003e   GBL_DSPTYPE
00000001   GBL_ENABLEINST
00000042   GBL_FOOTPRINT
00036ee8   GBL_FREQ
00002226   GBL_L2ALLOC
00000000   GBL_L2CONFIGALLOC
00000001   GBL_L2CONFIGURE
00000001   GBL_L2MARMASK
00000000   GBL_L2MARMASK1
00000000   GBL_L2MARMASK2
00000000   GBL_L2MARMASK3
00000000   GBL_L2MARMASK4
00000000   GBL_L2MARMASK5
00000000   GBL_L2MODE
00000000   GBL_L2PRIORITY
00000000   GBL_NULL
00000000   GBL_PROCID
00000000   GBL_ROM
00000000   GBL_SUPPORTCSL
0000dbef   GBL_TRCMASKVALUE
00000001   GBL_USERINIT
0000df88   GBL_USERINITFXN
00000001   GBL_boot
00012c94   GBL_initdone
00011d90   GBL_stackbeg
0001218f   GBL_stackend
00000000   GIO$
0000cc00   GIO_CREATEFXN
0000cc00   GIO_DELETEFXN
0000cc00   GIO_PENDFXN
0000cc00   GIO_POSTFXN
00000000   HOOK$
00000000   HOOK_KNLID
00000001   HST$
00012b68   HST_A_TABBEG
00012ba4   HST_A_TABEND
00000000   HST_DSM
0001244c   HST_DSMBUFSEG
00000400   HST_DSMMEMSIZE
00012324   HST_D_chanmask
00012328   HST_D_tabbeg
0001232c   HST_D_tabend
000000ff   HST_MAXFRAMEALLOWED
00000040   HST_MAXFRAMESET
00000000   HST_NONE
00000001   HST_RTDX
00000001   HWI$
00000000   HWI_A_VECS
00004018   HWI_CFGDISPATCHED
00012478   HWI_D_bss
0001247c   HWI_D_ccmask
00012468   HWI_D_spsave
00009320   HWI_F_dispatch
00000000   HWI_GENERATE_RESET_VEC
0000000a   HWI_INT10
00000000   HWI_INT10$hwi
0000000b   HWI_INT11
00000000   HWI_INT11$hwi
0000000c   HWI_INT12
00000000   HWI_INT12$hwi
0000000d   HWI_INT13
00000000   HWI_INT13$hwi
0000000e   HWI_INT14
00000000   HWI_INT14$hwi
0000000f   HWI_INT15
00000000   HWI_INT15$hwi
00000004   HWI_INT4
00000000   HWI_INT4$hwi
00000005   HWI_INT5
00000000   HWI_INT5$hwi
00000006   HWI_INT6
00000000   HWI_INT6$hwi
00000007   HWI_INT7
00000000   HWI_INT7$hwi
00000008   HWI_INT8
00000000   HWI_INT8$hwi
00000009   HWI_INT9
00000000   HWI_INT9$hwi
082039a3   HWI_INTRMULTHIGH
310718ae   HWI_INTRMULTLOW
00000001   HWI_NMI
00000000   HWI_NMI$hwi
00000000   HWI_POLARITYMASK
00000002   HWI_RESERVED0
00000000   HWI_RESERVED0$hwi
00000003   HWI_RESERVED1
00000000   HWI_RESERVED1$hwi
00000000   HWI_RESET
00000000   HWI_RESET$hwi
00000001   HWI_ZEROTAB
00000001   IDL$
00012c60   IDL_A_CALBEG
00012c50   IDL_A_TABBEG
00000006   IDL_CALIBRERROR
0000cb00   IDL_CALIBRFXN
000124e8   IDL_D_busyObj
00012298   IDL_D_calbeg
00012294   IDL_D_calibrate
00012290   IDL_D_tabbeg
00012c5c   IDL_END
00012c6c   IDL_END$
0000c6c0   IDL_F_busy
0000c840   IDL_F_calibrate
0000cc40   IDL_F_loop
0000cb00   IDL_F_stub
00000001   IDL_USECLKIDLTIME
00012bc8   IDL_busyObj
00012833   IDL_busyObj$avgfmt
00000001   IDL_busyObj$filter
00000001   IDL_busyObj$iA
00000000   IDL_busyObj$iB
00000001   IDL_busyObj$iC
0001282d   IDL_busyObj$maxfmt
00000000   IDL_busyObj$operation
00012bc4   IDL_busyObj$stsobj
00012830   IDL_busyObj$sumfmt
00000002   IDL_busyObj$unittype
00012c50   IDL_cpuLoad
00012c60   IDL_cpuLoad$
0001244c   IRAM
00000200   IRAM$B
00008000   IRAM$L
00000001   ISRC$
0000b640   KNL_glue
00012bd4   KNL_swi
00000001   KNL_swi$dorta
00000000   KNL_swi$ord
00000000   KNL_swi$pri
00012ba8   KNL_swi$sts
00012809   KNL_swi$sts$avgfmt
00000002   KNL_swi$sts$filter
00000001   KNL_swi$sts$filtmaxmult
00000001   KNL_swi$sts$filtsummult
000127f9   KNL_swi$sts$maxfmt
00012ba4   KNL_swi$sts$stsobj
00012801   KNL_swi$sts$sumfmt
00000000   KNL_swi$sts$unittype
00000000   KNL_swi$swi
00000001   LCK$
00008200   LNK_F_checkBufferCall
00008280   LNK_F_dataPump
00008220   LNK_F_getChanPtr
00008278   LNK_F_init
000087c4   LNK_F_readCallBack
00012c54   LNK_dataPump
00012c64   LNK_dataPump$
00012484   LNK_dspFrameReadyMask
00012480   LNK_dspFrameRequestMask
00008520   LNK_newin
00008660   LNK_newout
00008294   LNK_rcloop
00008360   LNK_rdrtry
0001248c   LNK_readDone
00012490   LNK_readFail
00012488   LNK_readPend
00008370   LNK_rrloop
00012494   LNK_writeFail
00008444   LNK_wrloop
00008434   LNK_wrrtry
00000001   LOG$
00012c28   LOG_A_TABBEG
00012c40   LOG_A_TABEND
00000001   LOG_A_TABLEN
0001229c   LOG_D_system
00000001   LOG_ENABLED
0000c740   LOG_F_event
00012c28   LOG_system
00012800   LOG_system$buf
00000000   LOG_system$datatype
00000000   LOG_system$log
00000040   LOG_system$size
00000000   MBX$
00000001   MEM$
0001244c   MEM_MALLOCSEG
00000000   MEM_NULL
0001244c   MEM_SEGZERO
00000000   MEM_USEMPC
00000001   MEM_gNumHeap
00000000   MSGQ$
00000000   MSGQ_USEMSGQ
00000000   OBJ$
00000000   PIP$
00012a00   PIP_A_TABBEG
00012ac8   PIP_A_TABEND
00000002   PIP_A_TABLEN
000122a0   PIP_D_tabbeg
000122a4   PIP_D_tablen
0000aef4   PIP_F_give
0000aef4   PIP_F_probe
0000afc8   PIP_F_start
0000ae60   PIP_F_take
00000064   PIP_OBJSIZE
00000000   PIP_gNextId
00000002   PIP_gNumEmbed
00000000   POOL$
00000000   POOL_USEPOOL
00000001   PRD$
00000000   PRD_A_TABBEG
00000000   PRD_A_TABEND
00000000   PRD_A_TABLEN
000122e0   PRD_D_cur
000122e4   PRD_D_elapsed
000122e8   PRD_D_prevtim
000122ec   PRD_D_scalar
000122f0   PRD_D_swihandle
000122f4   PRD_D_tabbeg
000122f8   PRD_D_tablen
000122fc   PRD_D_thook
000122dc   PRD_D_tick
00009b60   PRD_F_swi
00009e20   PRD_F_tick
00004000   PRD_SCALAR
00000000   PRD_SWIHANDLE
0000ac00   PRD_THOOKFXN
00012c98   PRD_clock
00000001   QUE$
00012300   RTA_D_fromHost
00012308   RTA_D_logval
00012318   RTA_D_stsval
00012304   RTA_D_toHost
0000cb40   RTA_F_andn
0000a2b8   RTA_F_dispatch
0000a1c0   RTA_F_getlog
0000a204   RTA_F_getsts
0000cb60   RTA_F_or
0000a24c   RTA_F_readblk
0000a278   RTA_F_resetmem
0000a26c   RTA_F_writeword
00012c58   RTA_dispatcher
00012c68   RTA_dispatcher$
0000a308   RTA_execute
00012b6c   RTA_fromHost
00012c40   RTA_fromHost$buf
00000004   RTA_fromHost$framesize
00000000   RTA_fromHost$hst
00000001   RTA_fromHost$id
00000000   RTA_fromHost$mode
00012a00   RTA_fromHost$pipe
00012a30   RTA_fromHost$pipe$aaa
00012a60   RTA_fromHost$pipe$bbb
00012450   RTA_fromHost$pipe$dtab
00012a04   RTA_fromHost$pipe$rd
00012a34   RTA_fromHost$pipe$wr
00012b74   RTA_fromHost$rtdx
00012b88   RTA_toHost
00012900   RTA_toHost$buf
00000040   RTA_toHost$framesize
00000000   RTA_toHost$hst
00000000   RTA_toHost$id
00000001   RTA_toHost$mode
00012a64   RTA_toHost$pipe
00012a94   RTA_toHost$pipe$aaa
00012ac4   RTA_toHost$pipe$bbb
0001245c   RTA_toHost$pipe$dtab
00012a68   RTA_toHost$pipe$rd
00012a98   RTA_toHost$pipe$wr
00012b90   RTA_toHost$rtdx
00000001   RTDX$
00000408   RTDX_BUFMEMSIZE
0001244c   RTDX_DATAMEMSEG
00000000   RTDX_MODE
00000001   RTDX_NORMALIZED_HDR
00000001   RTDX_USERTDX
00000000   RTDX_USERTEXECUTION
ffffffff   SDRAM
00000000   SEM$
00000000   SIO$
00000001   STS$
00012ba4   STS_A_TABBEG
00012bd4   STS_A_TABEND
0000c7f8   STS_F_add
0000c7c0   STS_F_delta
0000c824   STS_F_reset
00000001   SWI$
00012bd4   SWI_A_TABBEG
00012c00   SWI_A_TABEND
00000001   SWI_A_TABLEN
00012374   SWI_D_curfxn
00012364   SWI_D_curmask
00012370   SWI_D_curmbox
00012368   SWI_D_curset
00012360   SWI_D_execaddr
0001237c   SWI_D_inswi
0001236c   SWI_D_lock
00012378   SWI_D_rdybeg
00012380   SWI_D_rdytab
0001235c   SWI_D_runaddr
00000000   SWI_EHOOKFXN
00008ffc   SWI_EXECFXN
00008de0   SWI_F_enable
00008ffc   SWI_F_exec
00009028   SWI_F_iexec
00008e50   SWI_F_post
000090b8   SWI_F_run
00000000   SWI_IHOOKFXN
000090b8   SWI_RUNFXN
00000001   SYS$
00012c70   SYS$config
0000cb80   SYS_ABORTFXN
0000cc80   SYS_ERRORFXN
0000cca0   SYS_EXITFXN
0000ca40   SYS_PUTCFXN
00012c90   TRC_R_mask
00012c8c   TRC_cinit
00000001   TSK$
00000000   TSK_NUM_HOOKS
00000001   TSK_PRIORITY
00000000   TSK_READYFXN
00000000   TSK_STACKSEG
00000400   TSK_STACKSIZE
00000000   TSK_SWITCHFXN
0000cc00   TSK_VCREATEFXN
0000cc00   TSK_VDELETEFXN
0000cc00   TSK_VEXITFXN
00012ad4   TSK_idle
00000000   TSK_idle$ord
00000000   TSK_idle$pri
00011990   TSK_idle$stack
00011d28   TSK_idle$stkptr
00012bb8   TSK_idle$sts
00012823   TSK_idle$sts$avgfmt
00000002   TSK_idle$sts$filter
00000001   TSK_idle$sts$filtmaxmult
00000001   TSK_idle$sts$filtsummult
00012813   TSK_idle$sts$maxfmt
00012bb4   TSK_idle$sts$stsobj
0001281b   TSK_idle$sts$sumfmt
00000000   TSK_idle$sts$unittype
00000000   TSK_idle$tsk
00000000   UDEV$
00011020   _BIOS_init
00011244   _BIOS_start
0000dbba   _CLK_COUNTSPMS
000124c8   _CLK_DFLTMICROSECS
000122d8   _CLK_D_countspms
000122cc   _CLK_D_dirty
000124cc   _CLK_D_microseconds
000122d0   _CLK_D_prd
000122d4   _CLK_D_tddr
0000b7f4   _CLK_F_itime
0000dbba   _CLK_PRD
01940000   _CLK_REGS
00000000   _CLK_TDDR
00000000   _CLK_TIMERNUM
00000001   _CLK_USETIMER
000122bc   _CLK_htimeDiv
000122c0   _CLK_htimeMult
000124e0   _CLK_htimePerLtime
0000b7f4   _CLK_itime
000122c4   _CLK_ltimeDiv
000122c8   _CLK_ltimeMult
0000c1a0   _CLK_measure
0000caa0   _CLK_start
0000cbc0   _CLK_stop
00010e48   _Config
000124d8   _DSK6713_AIC23_codeccontrolhandle
000124dc   _DSK6713_AIC23_codecdatahandle
0000e1cc   _DSK6713_AIC23_config
0000d6e0   _DSK6713_AIC23_openCodec
0000e1a8   _DSK6713_AIC23_rget
0000e0e0   _DSK6713_AIC23_rset
0000d3e0   _DSK6713_getVersion
0000d430   _DSK6713_init
0000d34c   _DSK6713_rget
0000d338   _DSK6713_rset
000124f0   _DSK6713_version
0000d260   _DSK6713_wait
0000d304   _DSK6713_waitusec
0000cc00   _FXN_F_nop
0000c648   _FXN_F_run
0000c698   _FXN_F_zero
00000000   _GBL_CACHE
00012334   _GBL_clkIn
0000be20   _GBL_cslCacheInit
00012338   _GBL_freq
0000cc20   _GBL_getVersion
00012330   _GBL_procId
0000df88   _GBL_setPLLto225MHz
00012b68   _HST_A_TABBEG
00012ba4   _HST_A_TABEND
00004018   _HWI_CFGDISPATCHED
00012474   _HWI_D_inhwi
00012468   _HWI_D_spsave
00009320   _HWI_F_dispatch
0000000a   _HWI_INT10
0000000b   _HWI_INT11
0000000c   _HWI_INT12
0000000d   _HWI_INT13
0000000e   _HWI_INT14
0000000f   _HWI_INT15
00000004   _HWI_INT4
00000005   _HWI_INT5
00000006   _HWI_INT6
00000007   _HWI_INT7
00000008   _HWI_INT8
00000009   _HWI_INT9
00000001   _HWI_NMI
00000002   _HWI_RESERVED0
00000003   _HWI_RESERVED1
00000000   _HWI_RESET
00012188   _HWI_STKBOTTOM
00011d90   _HWI_STKTOP
00012468   _HWI_data
0000c920   _HWI_disable
00012190   _HWI_dispatchTab
0000c938   _HWI_enable
0000c94c   _HWI_restore
00012498   _H_Codec
00012bc8   _IDL_busyObj
00012c50   _IDL_cpuLoad
0000cc40   _IDL_loop
0001244c   _IRAM
00000200   _IRAM_base
00008000   _IRAM_length
0000dc00   _IRQ_map
0000d1c4   _ISR_AIC
00012400   _KNL_alarm
0000bce0   _KNL_check
00012424   _KNL_curqueue
00012414   _KNL_curtask
0001241c   _KNL_curtime
00010dbc   _KNL_dummy
0000bf54   _KNL_enter
0000bf00   _KNL_exit
0000bdb8   _KNL_idle
0001243c   _KNL_idlefxn
00012408   _KNL_inactive
0000c280   _KNL_ipost
0000bddc   _KNL_max
00012428   _KNL_maxqueue
0000c340   _KNL_post
00012418   _KNL_prevtask
0001240c   _KNL_priority
00010d1c   _KNL_queues
00009f00   _KNL_run
0000b4c0   _KNL_saveIsrFrame
00012410   _KNL_set
00012404   _KNL_setpri
00012bd4   _KNL_swi
00012420   _KNL_swiptr
0000b58c   _KNL_switch
00012430   _KNL_tcreatefxn
00012434   _KNL_tdeletefxn
0000ac00   _KNL_tick
00012438   _KNL_treadyfxn
0001242c   _KNL_tswitchfxn
000123f8   _KNL_wFlag
000123fc   _KNL_wList
0000c430   _LCK_pend
0000c400   _LCK_post
00012c54   _LNK_dataPump
00012484   _LNK_dspFrameReadyMask
00012480   _LNK_dspFrameRequestMask
0001248c   _LNK_readDone
00012490   _LNK_readFail
00012488   _LNK_readPend
00012494   _LNK_writeFail
00012c28   _LOG_A_TABBEG
00012c40   _LOG_A_TABEND
00000001   _LOG_A_TABLEN
0001229c   _LOG_D_system
0000c740   _LOG_event
00012c28   _LOG_system
0000e5e0   _MCBSP_open
0000ddc0   _MCBSP_reset
0000e6e0   _MCBSP_start
000124ec   _MEM
0001233c   _MEM_D_NUMSEGMENTS
00012344   _MEM_D_freelist
00012348   _MEM_D_lockaddr
00012340   _MEM_D_memtab
0001234c   _MEM_D_unlockaddr
0000a740   _MEM_alloc
0000ac20   _MEM_free
00011300   _MEM_init
00012440   _MEM_memtab
00011520   _OBJ_init
00010f04   _OBJ_segtab
00010ecc   _OBJ_table
00012a00   _PIP_A_TABBEG
00012ac8   _PIP_A_TABEND
000122dc   _PRD_D_tick
00012c98   _PRD_clock
00012c58   _RTA_dispatcher
00012b6c   _RTA_fromHost
00012b88   _RTA_toHost
00011540   _RTDX_Buffer
0001194c   _RTDX_Buffer_End
000108e0   _RTDX_Buffer_Initialize
00010a20   _RTDX_Buffer_Read
00010940   _RTDX_Buffer_ReadCB
000109a0   _RTDX_Buffer_Size
00011948   _RTDX_Buffer_Start
00010a40   _RTDX_Buffer_Write
00010000   _RTDX_Buffer_WriteCB
000109e0   _RTDX_Final_RT_Monitor
00010860   _RTDX_Init_RT_Monitor
00000002   _RTDX_JTAGONLY
00010a80   _RTDX_Mask_IER
00010640   _RTDX_Mon_Queue
0000fc00   _RTDX_Poll
00000000   _RTDX_interrupt_mask
0001195c   _RTDX_writing
ffffffff   _SDRAM
0000c980   _SEM_pend
0000a480   _SEM_pendEnterKnl
0000c0c0   _SEM_post
0000c0c0   _SEM_postBinary
0000bfe0   _SEM_postEnterKnl
00012ba4   _STS_A_TABBEG
00012bd4   _STS_A_TABEND
0000c7f8   _STS_add
0000c7c0   _STS_delta
0000c824   _STS_reset
0000cc60   _STS_set
00012374   _SWI_D_curfxn
00012364   _SWI_D_curmask
00012368   _SWI_D_curset
00012360   _SWI_D_execaddr
0001237c   _SWI_D_inswi
0001236c   _SWI_D_lock
00012378   _SWI_D_rdybeg
0001235c   _SWI_D_runaddr
0001235c   _SWI_data
00008e50   _SWI_post
00012350   _SYS
000124f4   _SYS_PUTCBEG
000126f3   _SYS_PUTCEND
0000c9e0   _SYS_abort
0000c8c0   _SYS_error
0000c4c0   _SYS_exit
00010fd0   _SYS_exitStack
000124d0   _SYS_exitStackPtr
000124d4   _SYS_exitStackTop
00012c90   _TRC_R_mask
000124c4   _TSK
00010e70   _TSK_ATTRS
00010e8c   _TSK_config
0000b840   _TSK_exit
00012ad4   _TSK_idle
000114a0   _TSK_init
000124bc   _TSK_nTasks
000124c0   _TSK_pid
0000b2c0   _TSK_setup
0000bc20   _TSK_startup
00010eac   _TSK_timerSem
0000cb80   _UTL_doAbort
0000cc80   _UTL_doError
0000ca40   _UTL_doPutc
0000cca0   _UTL_halt
0000b810   __CLK_lat1beg
0000b83c   __CLK_lat1end
00008c34   __GBL_setL2CacheMode
00012358   __HOOK_NUMHOOKS
00012354   __HOOK_knlId
00009320   __HWI_lat1beg
000094a0   __HWI_lat1end
000094a0   __HWI_lat2beg
00009640   __HWI_lat2end1
000095cc   __HWI_lat2end2
00009660   __HWI_lat3beg
00009760   __HWI_lat3end1
000095fc   __HWI_lat3end2
0000c6c0   __IDL_lat1beg
0000c710   __IDL_lat1end
00010d14   __IRQ_dispatchTable
00010c50   __IRQ_eventTable
0000ebc0   __IRQ_hookFetchPacket
00010cd4   __IRQ_intTable
0000bd30   __KNL_lat1beg
0000bdb8   __KNL_lat1end
0000c740   __LOG_lat1beg
00010fa0   __MCBSP_hDev0
00010fa4   __MCBSP_hDev1
00010f48   __MEM_mutex
0000a278   __RTA_lat1beg
0000a2b0   __RTA_lat1end
0000b0a0   __SEM_dopost
00000400   __STACK_SIZE
00008f8c   __SWI_lat1beg
00009040   __SWI_lat1end
00009044   __SWI_lat2beg
000090b4   __SWI_lat2end
00008de0   __SWI_lat3beg
00008e4c   __SWI_lat3end
00010f20   __TSK_mutex
00011014   ___TI_enable_exit_profile_output
ffffffff   ___TI_pprof_out_hndl
ffffffff   ___TI_prof_data_size
ffffffff   ___TI_prof_data_start
0000eb20   ___add_dtor
00010aa0   ___atexit_func_id__
ffffffff   ___binit__
00012190   ___bss__
ffffffff   ___c_args__
0000ebe0   ___cinit__
00000000   ___data__
00000000   ___edata__
000124f2   ___end__
0000ebe0   ___etext__
00012c80   ___pinit__
0000ccc0   ___text__
0000b9e0   __auto_init
0001100c   __cleanup_ptr
00011010   __dtors_ptr
00011018   __lock
0000eb60   __nop
0000eb80   __register_lock
0000eba0   __register_unlock
00011d90   __stack
0000e260   __strasgi
0001101c   __unlock
00010df8   _a
0000e7e0   _atexit
00010e20   _b
000124a4   _buff
000113e0   _c_int00
0000e3a0   _call_dtors
00009ac8   _calloc
00010df4   _dtors
000124a8   _filter
00009780   _free
0000d0b8   _iir_filter
0000cfb8   _iir_filter_transposed
0000ce60   _init_HWI
0000ceec   _init_buffer
0000cdb8   _init_hardware
0000cf3c   _main
000097ac   _malloc
00009974   _memalign
0000d9c0   _memcpy
0000e4c0   _memset
0000e95c   _mono_read_16Bit
0000e934   _mono_write_16Bit
0001249c   _order
00009830   _realloc
000124b4   _rtdxNullChanCnt
000124b8   _rtdxNullFuncCnt
00011950   _rtdx_buffer_state
00011970   _rtdx_mon_state
0000ccc0   _shift_buffer
0000e908   _stereo_read_16Bit
0000e8e0   _stereo_write_16Bit
0000df60   _wait500nS
000124a0   _x
ffffffff   binit
0000ebe0   cinit
00000000   edata
000124f2   end
0000ebe0   etext
00000000   hwi0
00000020   hwi1
00000140   hwi10
00000160   hwi11
00000180   hwi12
000001a0   hwi13
000001c0   hwi14
000001e0   hwi15
00000040   hwi2
00000060   hwi3
00000080   hwi4
000000a0   hwi5
000000c0   hwi6
000000e0   hwi7
00000100   hwi8
00000120   hwi9
00012c80   pinit


GLOBAL SYMBOLS: SORTED BY Symbol Address 

address    name
--------   ----
00000000   .data
00000000   BUF$
00000000   CLK_COUNTSPMSHIGH
00000000   CLK_PRDHIGH
00000000   CLK_TDDR
00000000   CLK_TDDRHIGH
00000000   CLK_TIMERNUM
00000000   DEV$
00000000   DGN$
00000000   DHL$
00000000   DHL_gChannelsAvailable
00000000   DIO$
00000000   DIO_NUMSWIBASE
00000000   DIO_NUMTSKBASE
00000000   DIO_STATIC
00000000   DPI$
00000000   GBL_BIGENDIAN
00000000   GBL_C641XL2PRIORITY
00000000   GBL_CACHE
00000000   GBL_L2CONFIGALLOC
00000000   GBL_L2MARMASK1
00000000   GBL_L2MARMASK2
00000000   GBL_L2MARMASK3
00000000   GBL_L2MARMASK4
00000000   GBL_L2MARMASK5
00000000   GBL_L2MODE
00000000   GBL_L2PRIORITY
00000000   GBL_NULL
00000000   GBL_PROCID
00000000   GBL_ROM
00000000   GBL_SUPPORTCSL
00000000   GIO$
00000000   HOOK$
00000000   HOOK_KNLID
00000000   HST_DSM
00000000   HST_NONE
00000000   HWI_A_VECS
00000000   HWI_GENERATE_RESET_VEC
00000000   HWI_INT10$hwi
00000000   HWI_INT11$hwi
00000000   HWI_INT12$hwi
00000000   HWI_INT13$hwi
00000000   HWI_INT14$hwi
00000000   HWI_INT15$hwi
00000000   HWI_INT4$hwi
00000000   HWI_INT5$hwi
00000000   HWI_INT6$hwi
00000000   HWI_INT7$hwi
00000000   HWI_INT8$hwi
00000000   HWI_INT9$hwi
00000000   HWI_NMI$hwi
00000000   HWI_POLARITYMASK
00000000   HWI_RESERVED0$hwi
00000000   HWI_RESERVED1$hwi
00000000   HWI_RESET
00000000   HWI_RESET$hwi
00000000   IDL_busyObj$iB
00000000   IDL_busyObj$operation
00000000   KNL_swi$ord
00000000   KNL_swi$pri
00000000   KNL_swi$sts$unittype
00000000   KNL_swi$swi
00000000   LOG_system$datatype
00000000   LOG_system$log
00000000   MBX$
00000000   MEM_NULL
00000000   MEM_USEMPC
00000000   MSGQ$
00000000   MSGQ_USEMSGQ
00000000   OBJ$
00000000   PIP$
00000000   PIP_gNextId
00000000   POOL$
00000000   POOL_USEPOOL
00000000   PRD_A_TABBEG
00000000   PRD_A_TABEND
00000000   PRD_A_TABLEN
00000000   PRD_SWIHANDLE
00000000   RTA_fromHost$hst
00000000   RTA_fromHost$mode
00000000   RTA_toHost$hst
00000000   RTA_toHost$id
00000000   RTDX_MODE
00000000   RTDX_USERTEXECUTION
00000000   SEM$
00000000   SIO$
00000000   SWI_EHOOKFXN
00000000   SWI_IHOOKFXN
00000000   TSK_NUM_HOOKS
00000000   TSK_READYFXN
00000000   TSK_STACKSEG
00000000   TSK_SWITCHFXN
00000000   TSK_idle$ord
00000000   TSK_idle$pri
00000000   TSK_idle$sts$unittype
00000000   TSK_idle$tsk
00000000   UDEV$
00000000   _CLK_TDDR
00000000   _CLK_TIMERNUM
00000000   _GBL_CACHE
00000000   _HWI_RESET
00000000   _RTDX_interrupt_mask
00000000   ___data__
00000000   ___edata__
00000000   edata
00000000   hwi0
00000001   BUF_ENABLED
00000001   CLK$
00000001   CLK_CALDIV
00000001   CLK_HTIMEDIV
00000001   CLK_LTIMEDIV
00000001   CLK_USETIMER
00000001   GBL$
00000001   GBL_CALLCSLCFGINIT
00000001   GBL_ENABLEINST
00000001   GBL_L2CONFIGURE
00000001   GBL_L2MARMASK
00000001   GBL_USERINIT
00000001   GBL_boot
00000001   HST$
00000001   HST_RTDX
00000001   HWI$
00000001   HWI_NMI
00000001   HWI_ZEROTAB
00000001   IDL$
00000001   IDL_USECLKIDLTIME
00000001   IDL_busyObj$filter
00000001   IDL_busyObj$iA
00000001   IDL_busyObj$iC
00000001   ISRC$
00000001   KNL_swi$dorta
00000001   KNL_swi$sts$filtmaxmult
00000001   KNL_swi$sts$filtsummult
00000001   LCK$
00000001   LOG$
00000001   LOG_A_TABLEN
00000001   LOG_ENABLED
00000001   MEM$
00000001   MEM_gNumHeap
00000001   PRD$
00000001   QUE$
00000001   RTA_fromHost$id
00000001   RTA_toHost$mode
00000001   RTDX$
00000001   RTDX_NORMALIZED_HDR
00000001   RTDX_USERTDX
00000001   STS$
00000001   SWI$
00000001   SWI_A_TABLEN
00000001   SYS$
00000001   TSK$
00000001   TSK_PRIORITY
00000001   TSK_idle$sts$filtmaxmult
00000001   TSK_idle$sts$filtsummult
00000001   _CLK_USETIMER
00000001   _HWI_NMI
00000001   _LOG_A_TABLEN
00000002   HWI_RESERVED0
00000002   IDL_busyObj$unittype
00000002   KNL_swi$sts$filter
00000002   PIP_A_TABLEN
00000002   PIP_gNumEmbed
00000002   TSK_idle$sts$filter
00000002   _HWI_RESERVED0
00000002   _RTDX_JTAGONLY
00000003   HWI_RESERVED1
00000003   _HWI_RESERVED1
00000004   CLK_CALMULT
00000004   CLK_HTIMEMULT
00000004   HWI_INT4
00000004   RTA_fromHost$framesize
00000004   _HWI_INT4
00000005   HWI_INT5
00000005   _HWI_INT5
00000006   HWI_INT6
00000006   IDL_CALIBRERROR
00000006   _HWI_INT6
00000007   HWI_INT7
00000007   _HWI_INT7
00000008   HWI_INT8
00000008   _HWI_INT8
00000009   HWI_INT9
00000009   _HWI_INT9
0000000a   HWI_INT10
0000000a   _HWI_INT10
0000000b   HWI_INT11
0000000b   _HWI_INT11
0000000c   HWI_INT12
0000000c   _HWI_INT12
0000000d   HWI_INT13
0000000d   _HWI_INT13
0000000e   HWI_INT14
0000000e   _HWI_INT14
0000000f   HWI_INT15
0000000f   _HWI_INT15
00000020   CLK_TCR
00000020   hwi1
0000003e   GBL_DSPTYPE
00000040   HST_MAXFRAMESET
00000040   LOG_system$size
00000040   RTA_toHost$framesize
00000040   hwi2
00000042   GBL_FOOTPRINT
00000060   hwi3
00000064   PIP_OBJSIZE
00000080   hwi4
000000a0   hwi5
000000c0   hwi6
000000e0   hwi7
000000ff   HST_MAXFRAMEALLOWED
00000100   hwi8
00000120   hwi9
00000140   hwi10
00000160   hwi11
00000180   hwi12
000001a0   hwi13
000001c0   hwi14
000001e0   hwi15
00000200   IRAM$B
00000200   _IRAM_base
000003e8   CLK_MICROSECS
00000400   HST_DSMMEMSIZE
00000400   TSK_STACKSIZE
00000400   __STACK_SIZE
00000408   RTDX_BUFMEMSIZE
00001770   GBL_CLKTYPE
00001a39   GBL_DSPSUBTYPE
00002226   GBL_L2ALLOC
00004000   CLK_INTBIT
00004000   PRD_SCALAR
00004018   HWI_CFGDISPATCHED
00004018   _HWI_CFGDISPATCHED
00004e20   GBL_CLKIN
00005205   GBL_A_VERSION
00008000   IRAM$L
00008000   _IRAM_length
00008200   LNK_F_checkBufferCall
00008220   LNK_F_getChanPtr
00008278   LNK_F_init
00008280   LNK_F_dataPump
00008294   LNK_rcloop
00008360   LNK_rdrtry
00008370   LNK_rrloop
00008434   LNK_wrrtry
00008444   LNK_wrloop
00008520   LNK_newin
00008660   LNK_newout
000087c4   LNK_F_readCallBack
00008c34   __GBL_setL2CacheMode
00008de0   SWI_F_enable
00008de0   __SWI_lat3beg
00008e4c   __SWI_lat3end
00008e50   SWI_F_post
00008e50   _SWI_post
00008f8c   __SWI_lat1beg
00008ffc   SWI_EXECFXN
00008ffc   SWI_F_exec
00009028   SWI_F_iexec
00009040   __SWI_lat1end
00009044   __SWI_lat2beg
000090b4   __SWI_lat2end
000090b8   SWI_F_run
000090b8   SWI_RUNFXN
00009320   CLK_HOOKFXN
00009320   HWI_F_dispatch
00009320   _HWI_F_dispatch
00009320   __HWI_lat1beg
000094a0   __HWI_lat1end
000094a0   __HWI_lat2beg
000095cc   __HWI_lat2end2
000095fc   __HWI_lat3end2
00009640   __HWI_lat2end1
00009660   __HWI_lat3beg
00009760   __HWI_lat3end1
00009780   _free
000097ac   _malloc
00009830   _realloc
00009974   _memalign
00009ac8   _calloc
00009b60   PRD_F_swi
00009e20   PRD_F_tick
00009f00   _KNL_run
0000a1c0   RTA_F_getlog
0000a204   RTA_F_getsts
0000a24c   RTA_F_readblk
0000a26c   RTA_F_writeword
0000a278   RTA_F_resetmem
0000a278   __RTA_lat1beg
0000a2b0   __RTA_lat1end
0000a2b8   RTA_F_dispatch
0000a308   RTA_execute
0000a480   _SEM_pendEnterKnl
0000a740   _MEM_alloc
0000ac00   PRD_THOOKFXN
0000ac00   _KNL_tick
0000ac20   _MEM_free
0000ae60   PIP_F_take
0000aef4   PIP_F_give
0000aef4   PIP_F_probe
0000afc8   PIP_F_start
0000b0a0   __SEM_dopost
0000b2c0   _TSK_setup
0000b4c0   _KNL_saveIsrFrame
0000b58c   _KNL_switch
0000b640   KNL_glue
0000b680   CLK_F_getltime
0000b694   CLK_F_isr
0000b7f4   CLK_F_itime
0000b7f4   _CLK_F_itime
0000b7f4   _CLK_itime
0000b810   __CLK_lat1beg
0000b83c   __CLK_lat1end
0000b840   _TSK_exit
0000b9e0   __auto_init
0000bc20   _TSK_startup
0000bce0   _KNL_check
0000bd30   __KNL_lat1beg
0000bdb8   _KNL_idle
0000bdb8   __KNL_lat1end
0000bddc   _KNL_max
0000be20   _GBL_cslCacheInit
0000bf00   _KNL_exit
0000bf54   _KNL_enter
0000bfe0   _SEM_postEnterKnl
0000c0c0   _SEM_post
0000c0c0   _SEM_postBinary
0000c1a0   _CLK_measure
0000c280   _KNL_ipost
0000c340   _KNL_post
0000c400   _LCK_post
0000c430   _LCK_pend
0000c4c0   _SYS_exit
0000c580   CLK_F_getfhtime
0000c5a0   CLK_F_gethtime
0000c5a0   CLK_F_getshtime
0000c5a0   CLK_TIMEFXN
0000c640   FXN_F_nop
0000c648   FXN_F_run
0000c648   _FXN_F_run
0000c698   FXN_F_zero
0000c698   _FXN_F_zero
0000c6c0   IDL_F_busy
0000c6c0   __IDL_lat1beg
0000c710   __IDL_lat1end
0000c740   LOG_F_event
0000c740   _LOG_event
0000c740   __LOG_lat1beg
0000c7c0   STS_F_delta
0000c7c0   _STS_delta
0000c7f8   STS_F_add
0000c7f8   _STS_add
0000c824   STS_F_reset
0000c824   _STS_reset
0000c840   IDL_F_calibrate
0000c8c0   _SYS_error
0000c920   _HWI_disable
0000c938   _HWI_enable
0000c94c   _HWI_restore
0000c980   _SEM_pend
0000c9e0   _SYS_abort
0000ca40   SYS_PUTCFXN
0000ca40   _UTL_doPutc
0000caa0   _CLK_start
0000cb00   IDL_CALIBRFXN
0000cb00   IDL_F_stub
0000cb40   RTA_F_andn
0000cb60   RTA_F_or
0000cb80   SYS_ABORTFXN
0000cb80   _UTL_doAbort
0000cbc0   _CLK_stop
0000cc00   GIO_CREATEFXN
0000cc00   GIO_DELETEFXN
0000cc00   GIO_PENDFXN
0000cc00   GIO_POSTFXN
0000cc00   TSK_VCREATEFXN
0000cc00   TSK_VDELETEFXN
0000cc00   TSK_VEXITFXN
0000cc00   _FXN_F_nop
0000cc20   _GBL_getVersion
0000cc40   IDL_F_loop
0000cc40   _IDL_loop
0000cc60   _STS_set
0000cc80   SYS_ERRORFXN
0000cc80   _UTL_doError
0000cca0   SYS_EXITFXN
0000cca0   _UTL_halt
0000ccc0   .text
0000ccc0   ___text__
0000ccc0   _shift_buffer
0000cdb8   _init_hardware
0000ce60   _init_HWI
0000ceec   _init_buffer
0000cf3c   _main
0000cfb8   _iir_filter_transposed
0000d0b8   _iir_filter
0000d1c4   _ISR_AIC
0000d260   _DSK6713_wait
0000d304   _DSK6713_waitusec
0000d338   _DSK6713_rset
0000d34c   _DSK6713_rget
0000d3e0   _DSK6713_getVersion
0000d430   _DSK6713_init
0000d6e0   _DSK6713_AIC23_openCodec
0000d9c0   _memcpy
0000dbba   CLK_COUNTSPMS
0000dbba   CLK_HTIMEPERLTIME
0000dbba   CLK_PRD
0000dbba   _CLK_COUNTSPMS
0000dbba   _CLK_PRD
0000dbef   GBL_TRCMASKVALUE
0000dc00   _IRQ_map
0000ddc0   _MCBSP_reset
0000df60   _wait500nS
0000df88   GBL_USERINITFXN
0000df88   _GBL_setPLLto225MHz
0000e0e0   _DSK6713_AIC23_rset
0000e1a8   _DSK6713_AIC23_rget
0000e1cc   _DSK6713_AIC23_config
0000e260   __strasgi
0000e3a0   _call_dtors
0000e4c0   _memset
0000e5e0   _MCBSP_open
0000e6e0   _MCBSP_start
0000e7e0   _atexit
0000e8e0   _stereo_write_16Bit
0000e908   _stereo_read_16Bit
0000e934   _mono_write_16Bit
0000e95c   _mono_read_16Bit
0000eb20   ___add_dtor
0000eb60   __nop
0000eb80   __register_lock
0000eba0   __register_unlock
0000ebc0   __IRQ_hookFetchPacket
0000ebe0   ___cinit__
0000ebe0   ___etext__
0000ebe0   cinit
0000ebe0   etext
0000fc00   _RTDX_Poll
00010000   _RTDX_Buffer_WriteCB
00010640   _RTDX_Mon_Queue
00010860   _RTDX_Init_RT_Monitor
000108e0   _RTDX_Buffer_Initialize
00010940   _RTDX_Buffer_ReadCB
000109a0   _RTDX_Buffer_Size
000109e0   _RTDX_Final_RT_Monitor
00010a20   _RTDX_Buffer_Read
00010a40   _RTDX_Buffer_Write
00010a80   _RTDX_Mask_IER
00010aa0   ___atexit_func_id__
00010c50   __IRQ_eventTable
00010cd4   __IRQ_intTable
00010d14   __IRQ_dispatchTable
00010d1c   _KNL_queues
00010dbc   _KNL_dummy
00010df4   _dtors
00010df8   _a
00010e20   _b
00010e48   _Config
00010e70   _TSK_ATTRS
00010e8c   _TSK_config
00010eac   _TSK_timerSem
00010ecc   _OBJ_table
00010f04   _OBJ_segtab
00010f20   __TSK_mutex
00010f48   __MEM_mutex
00010fa0   __MCBSP_hDev0
00010fa4   __MCBSP_hDev1
00010fd0   _SYS_exitStack
0001100c   __cleanup_ptr
00011010   __dtors_ptr
00011014   ___TI_enable_exit_profile_output
00011018   __lock
0001101c   __unlock
00011020   BIOS_init
00011020   _BIOS_init
0001119c   BIOS$$CLKON
000111dc   BIOS$$CLKOFF
00011244   BIOS_start
00011244   _BIOS_start
00011300   _MEM_init
000113e0   _c_int00
000114a0   _TSK_init
00011520   _OBJ_init
00011540   _RTDX_Buffer
00011948   _RTDX_Buffer_Start
0001194c   _RTDX_Buffer_End
00011950   _rtdx_buffer_state
0001195c   _RTDX_writing
00011970   _rtdx_mon_state
00011990   TSK_idle$stack
00011d28   TSK_idle$stkptr
00011d90   GBL_stackbeg
00011d90   _HWI_STKTOP
00011d90   __stack
00012188   _HWI_STKBOTTOM
0001218f   GBL_stackend
00012190   $bss
00012190   .bss
00012190   _HWI_dispatchTab
00012190   ___bss__
00012290   IDL_D_tabbeg
00012294   IDL_D_calibrate
00012298   IDL_D_calbeg
0001229c   LOG_D_system
0001229c   _LOG_D_system
000122a0   PIP_D_tabbeg
000122a4   PIP_D_tablen
000122a8   CLK_R_time
000122ac   CLK_D_timefxn
000122b0   CLK_D_tabbeg
000122b4   CLK_D_isrhook
000122b8   CLK_D_idletime
000122bc   _CLK_htimeDiv
000122c0   _CLK_htimeMult
000122c4   _CLK_ltimeDiv
000122c8   _CLK_ltimeMult
000122cc   _CLK_D_dirty
000122d0   _CLK_D_prd
000122d4   _CLK_D_tddr
000122d8   _CLK_D_countspms
000122dc   PRD_D_tick
000122dc   _PRD_D_tick
000122e0   PRD_D_cur
000122e4   PRD_D_elapsed
000122e8   PRD_D_prevtim
000122ec   PRD_D_scalar
000122f0   PRD_D_swihandle
000122f4   PRD_D_tabbeg
000122f8   PRD_D_tablen
000122fc   PRD_D_thook
00012300   RTA_D_fromHost
00012304   RTA_D_toHost
00012308   RTA_D_logval
00012318   RTA_D_stsval
00012324   HST_D_chanmask
00012328   HST_D_tabbeg
0001232c   HST_D_tabend
00012330   _GBL_procId
00012334   _GBL_clkIn
00012338   _GBL_freq
0001233c   _MEM_D_NUMSEGMENTS
00012340   _MEM_D_memtab
00012344   _MEM_D_freelist
00012348   _MEM_D_lockaddr
0001234c   _MEM_D_unlockaddr
00012350   _SYS
00012354   __HOOK_knlId
00012358   __HOOK_NUMHOOKS
0001235c   SWI_D_runaddr
0001235c   _SWI_D_runaddr
0001235c   _SWI_data
00012360   SWI_D_execaddr
00012360   _SWI_D_execaddr
00012364   SWI_D_curmask
00012364   _SWI_D_curmask
00012368   SWI_D_curset
00012368   _SWI_D_curset
0001236c   SWI_D_lock
0001236c   _SWI_D_lock
00012370   SWI_D_curmbox
00012374   SWI_D_curfxn
00012374   _SWI_D_curfxn
00012378   SWI_D_rdybeg
00012378   _SWI_D_rdybeg
0001237c   SWI_D_inswi
0001237c   _SWI_D_inswi
00012380   SWI_D_rdytab
000123f8   _KNL_wFlag
000123fc   _KNL_wList
00012400   _KNL_alarm
00012404   _KNL_setpri
00012408   _KNL_inactive
0001240c   _KNL_priority
00012410   _KNL_set
00012414   _KNL_curtask
00012418   _KNL_prevtask
0001241c   _KNL_curtime
00012420   _KNL_swiptr
00012424   _KNL_curqueue
00012428   _KNL_maxqueue
0001242c   _KNL_tswitchfxn
00012430   _KNL_tcreatefxn
00012434   _KNL_tdeletefxn
00012438   _KNL_treadyfxn
0001243c   _KNL_idlefxn
00012440   _MEM_memtab
0001244c   HST_DSMBUFSEG
0001244c   IRAM
0001244c   MEM_MALLOCSEG
0001244c   MEM_SEGZERO
0001244c   RTDX_DATAMEMSEG
0001244c   _IRAM
00012450   RTA_fromHost$pipe$dtab
0001245c   RTA_toHost$pipe$dtab
00012468   HWI_D_spsave
00012468   _HWI_D_spsave
00012468   _HWI_data
00012474   _HWI_D_inhwi
00012478   HWI_D_bss
0001247c   HWI_D_ccmask
00012480   LNK_dspFrameRequestMask
00012480   _LNK_dspFrameRequestMask
00012484   LNK_dspFrameReadyMask
00012484   _LNK_dspFrameReadyMask
00012488   LNK_readPend
00012488   _LNK_readPend
0001248c   LNK_readDone
0001248c   _LNK_readDone
00012490   LNK_readFail
00012490   _LNK_readFail
00012494   LNK_writeFail
00012494   _LNK_writeFail
00012498   _H_Codec
0001249c   _order
000124a0   _x
000124a4   _buff
000124a8   _filter
000124b4   _rtdxNullChanCnt
000124b8   _rtdxNullFuncCnt
000124bc   _TSK_nTasks
000124c0   _TSK_pid
000124c4   _TSK
000124c8   _CLK_DFLTMICROSECS
000124cc   _CLK_D_microseconds
000124d0   _SYS_exitStackPtr
000124d4   _SYS_exitStackTop
000124d8   _DSK6713_AIC23_codeccontrolhandle
000124dc   _DSK6713_AIC23_codecdatahandle
000124e0   _CLK_htimePerLtime
000124e8   IDL_D_busyObj
000124ec   _MEM
000124f0   _DSK6713_version
000124f2   ___end__
000124f2   end
000124f4   _SYS_PUTCBEG
000126f3   _SYS_PUTCEND
000127f9   KNL_swi$sts$maxfmt
00012800   LOG_system$buf
00012801   KNL_swi$sts$sumfmt
00012809   KNL_swi$sts$avgfmt
00012813   TSK_idle$sts$maxfmt
0001281b   TSK_idle$sts$sumfmt
00012823   TSK_idle$sts$avgfmt
0001282d   IDL_busyObj$maxfmt
00012830   IDL_busyObj$sumfmt
00012833   IDL_busyObj$avgfmt
00012900   RTA_toHost$buf
00012a00   PIP_A_TABBEG
00012a00   RTA_fromHost$pipe
00012a00   _PIP_A_TABBEG
00012a04   RTA_fromHost$pipe$rd
00012a30   RTA_fromHost$pipe$aaa
00012a34   RTA_fromHost$pipe$wr
00012a60   RTA_fromHost$pipe$bbb
00012a64   RTA_toHost$pipe
00012a68   RTA_toHost$pipe$rd
00012a94   RTA_toHost$pipe$aaa
00012a98   RTA_toHost$pipe$wr
00012ac4   RTA_toHost$pipe$bbb
00012ac8   PIP_A_TABEND
00012ac8   _PIP_A_TABEND
00012ad4   TSK_idle
00012ad4   _TSK_idle
00012b68   HST_A_TABBEG
00012b68   _HST_A_TABBEG
00012b6c   RTA_fromHost
00012b6c   _RTA_fromHost
00012b74   RTA_fromHost$rtdx
00012b88   RTA_toHost
00012b88   _RTA_toHost
00012b90   RTA_toHost$rtdx
00012ba4   HST_A_TABEND
00012ba4   KNL_swi$sts$stsobj
00012ba4   STS_A_TABBEG
00012ba4   _HST_A_TABEND
00012ba4   _STS_A_TABBEG
00012ba8   KNL_swi$sts
00012bb4   TSK_idle$sts$stsobj
00012bb8   TSK_idle$sts
00012bc4   IDL_busyObj$stsobj
00012bc8   IDL_busyObj
00012bc8   _IDL_busyObj
00012bd4   KNL_swi
00012bd4   STS_A_TABEND
00012bd4   SWI_A_TABBEG
00012bd4   _KNL_swi
00012bd4   _STS_A_TABEND
00012c00   SWI_A_TABEND
00012c28   LOG_A_TABBEG
00012c28   LOG_system
00012c28   _LOG_A_TABBEG
00012c28   _LOG_system
00012c40   LOG_A_TABEND
00012c40   RTA_fromHost$buf
00012c40   _LOG_A_TABEND
00012c50   IDL_A_TABBEG
00012c50   IDL_cpuLoad
00012c50   _IDL_cpuLoad
00012c54   LNK_dataPump
00012c54   _LNK_dataPump
00012c58   RTA_dispatcher
00012c58   _RTA_dispatcher
00012c5c   IDL_END
00012c60   IDL_A_CALBEG
00012c60   IDL_cpuLoad$
00012c64   LNK_dataPump$
00012c68   RTA_dispatcher$
00012c6c   IDL_END$
00012c70   SYS$config
00012c80   ___pinit__
00012c80   pinit
00012c8c   TRC_cinit
00012c90   TRC_R_mask
00012c90   _TRC_R_mask
00012c94   GBL_initdone
00012c98   CLK_A_TABBEG
00012c98   PRD_clock
00012c98   _PRD_clock
00012c9c   CLK_null
00036ee8   CLK_LTIMEMULT
00036ee8   GBL_FREQ
01940000   CLK_REGS
01940000   _CLK_REGS
082039a3   HWI_INTRMULTHIGH
310718ae   HWI_INTRMULTLOW
ffffffff   SDRAM
ffffffff   _SDRAM
ffffffff   ___TI_pprof_out_hndl
ffffffff   ___TI_prof_data_size
ffffffff   ___TI_prof_data_start
ffffffff   ___binit__
ffffffff   ___c_args__
ffffffff   binit

[733 symbols]
